Creating cluster "rs-lab" ...
 • Ensuring node image (kindest/node:v1.36.4) 🖼️  ...
 ✓ Ensuring node image (kindest/node:v1.36.4) 🖼️
 • Preparing nodes 📦   ...
 ✓ Preparing nodes 📦 
 • Writing configuration 📜  ...
 ✓ Writing configuration 📜
 • Starting control-plane 🕹️  ...
 ✓ Starting control-plane 🕹️
 • Installing CNI 🔌  ...
 ✓ Installing CNI 🔌
 • Installing StorageClass 💾  ...
 ✓ Installing StorageClass 💾
 • Waiting ≤ 2m0s for control-plane = Ready ⏳  ...
 ✓ Waiting ≤ 2m0s for control-plane = Ready ⏳
 • Ready after 20s 💚
Set kubectl context to "kind-rs-lab"
You can now use your cluster with:

kubectl cluster-info --context kind-rs-lab --kubeconfig /mnt/robot_disk/k8s/config/kubeconfig

Have a nice day! 👋
