.dockerignore: OK
.env.example: OK
Dockerfile: OK
README.md: OK
VERSION: OK
configs/README.md: OK
configs/algorithms.json: OK
configs/job.template.yaml: OK
configs/platform.template.json: OK
data/input/kmeans-example/expected-labels.npy: OK
data/input/kmeans-example/kmeans-input.tif: OK
data/input/smoke.txt: OK
deps/README.md: OK
deps/debs/libexpat1_2.8.3-1~deb13u1_amd64.deb: OK
deps/python-transitive.lock: OK
docs/CHANGELOG.md: OK
docs/algorithm-intake.md: OK
docs/deployment-guide.md: OK
docs/kubernetes-local.md: OK
docs/preparation-plan.md: OK
docs/third-party-kmeans.md: OK
image.tar.gz: OK
reports/deployment/README.md: OK
reports/deployment/baseline-container.log: OK
reports/deployment/build-initial.log: OK
reports/deployment/build.log: OK
reports/deployment/container-checks.log: OK
reports/deployment/docker-integration/algorithm-tests.txt: OK
reports/deployment/docker-integration/cancel.jsonl: OK
reports/deployment/docker-integration/oom-state.json: OK
reports/deployment/docker-integration/permission.jsonl: OK
reports/deployment/docker-integration/stop-result.json: OK
reports/deployment/docker-integration/success.jsonl: OK
reports/deployment/environment.txt: OK
reports/deployment/gpu-probe.exit: OK
reports/deployment/gpu-probe.txt: OK
reports/deployment/image-inspect.json: OK
reports/deployment/intake-hints.json: OK
reports/deployment/integration.log: OK
reports/deployment/k8s-1788864716/cancel-job.json: OK
reports/deployment/k8s-1788864716/nodes.txt: OK
reports/deployment/k8s-1788864716/pods.json: OK
reports/deployment/k8s-1788864716/rs-cancel-1788864716.json: OK
reports/deployment/k8s-1788864716/rs-example-1788864716-0.json: OK
reports/deployment/k8s-1788864716/rs-example-1788864716-0.jsonl: OK
reports/deployment/k8s-1788864716/rs-example-1788864716-1.json: OK
reports/deployment/k8s-1788864716/rs-example-1788864716-1.jsonl: OK
reports/deployment/k8s-integration.log: OK
reports/deployment/k8s-nodes.txt: OK
reports/deployment/kind-create.log: OK
reports/deployment/kind-load.log: OK
reports/deployment/kind-mounts.json: OK
reports/deployment/local-tests.log: OK
reports/deployment/package.log: OK
reports/deployment/python-inventory.json: OK
reports/deployment/security/db-metadata.json: OK
reports/deployment/security/scan.json: OK
reports/deployment/security/tool-version.txt: OK
reports/deployment/security-scan.exit: OK
reports/deployment/security-scan.log: OK
requirements.lock: OK
scripts/build.sh: OK
scripts/check-environment.sh: OK
scripts/create-kind.sh: OK
scripts/env-run.py: OK
scripts/export.sh: OK
scripts/healthcheck.sh: OK
scripts/inspect-algorithm.py: OK
scripts/install-docker-retry.sh: OK
scripts/install-docker.sh: OK
scripts/package.sh: OK
scripts/run.sh: OK
scripts/scan-image.sh: OK
scripts/stop.sh: OK
scripts/test-container.sh: OK
scripts/test-k8s.py: OK
scripts/test-local.sh: OK
src/rs_container/__init__.py: OK
src/rs_container/__main__.py: OK
src/rs_container/kmeans.py: OK
src/rs_container/mndwi.py: OK
tests/create_kmeans_fixture.py: OK
tests/create_mndwi_fixture.py: OK
tests/test_algorithms.py: OK
tests/test_cli.py: OK
tests/test_env_config.py: OK
tests/verify_deployment.py: OK
tests/verify_mndwi_output.py: OK
