{
  "status": "PASS",
  "device": "NVIDIA GeForce GTX 1650",
  "operation": "float32 vector addition",
  "backend": "CUDA Driver API + PTX JIT",
  "cpu_fallback": false,
  "device_allocation_bytes": 12582996,
  "runs": [
    {
      "seed": 0,
      "elements": 1048583,
      "max_absolute_error": 0.0,
      "launch_and_sync_seconds": 0.002686607999748958
    },
    {
      "seed": 1,
      "elements": 1048583,
      "max_absolute_error": 0.0,
      "launch_and_sync_seconds": 0.00290039900028205
    },
    {
      "seed": 2,
      "elements": 1048583,
      "max_absolute_error": 0.0,
      "launch_and_sync_seconds": 0.0027003219993275707
    }
  ]
}
{"phase": "holding"}
