time="2026-09-08T12:32:28+01:00" level=warning msg="Ignoring error in locating libnvidia-sandboxutils.so.1: libnvidia-sandboxutils.so.1: not found\nlibnvidia-sandboxutils.so.1: not found"
time="2026-09-08T12:32:28+01:00" level=warning msg="Failed to init nvsandboxutils: ERROR_LIBRARY_LOAD; ignoring"
time="2026-09-08T12:32:28+01:00" level=info msg="Using /usr/lib/x86_64-linux-gnu/libnvidia-ml.so.595.84"
time="2026-09-08T12:32:28+01:00" level=info msg="Auto-detected mode as 'nvml'"
time="2026-09-08T12:32:28+01:00" level=info msg="Selecting /dev/nvidia0 as /dev/nvidia0"
time="2026-09-08T12:32:28+01:00" level=info msg="Selecting /dev/dri/card1 as /dev/dri/card1"
time="2026-09-08T12:32:28+01:00" level=warning msg="Could not locate /dev/dri/controlD65: /dev/dri/controlD65: not found"
time="2026-09-08T12:32:28+01:00" level=info msg="Selecting /dev/dri/renderD128 as /dev/dri/renderD128"
time="2026-09-08T12:32:28+01:00" level=info msg="Selecting /dev/nvidia0 as /dev/nvidia0"
time="2026-09-08T12:32:28+01:00" level=info msg="Selecting /dev/dri/card1 as /dev/dri/card1"
time="2026-09-08T12:32:28+01:00" level=warning msg="Could not locate /dev/dri/controlD65: /dev/dri/controlD65: not found"
time="2026-09-08T12:32:28+01:00" level=info msg="Selecting /dev/dri/renderD128 as /dev/dri/renderD128"
time="2026-09-08T12:32:29+01:00" level=info msg="Using driver version 595.84"
time="2026-09-08T12:32:29+01:00" level=info msg="Selecting /dev/nvidia-modeset as /dev/nvidia-modeset"
time="2026-09-08T12:32:29+01:00" level=info msg="Selecting /dev/nvidia-uvm-tools as /dev/nvidia-uvm-tools"
time="2026-09-08T12:32:29+01:00" level=info msg="Selecting /dev/nvidia-uvm as /dev/nvidia-uvm"
time="2026-09-08T12:32:29+01:00" level=info msg="Selecting /dev/nvidiactl as /dev/nvidiactl"
time="2026-09-08T12:32:29+01:00" level=info msg="Selecting /usr/lib/x86_64-linux-gnu/libnvidia-egl-gbm.so.1.1.3 as /usr/lib/x86_64-linux-gnu/libnvidia-egl-gbm.so.1.1.3"
time="2026-09-08T12:32:29+01:00" level=info msg="Selecting /usr/lib/x86_64-linux-gnu/libnvidia-egl-wayland.so.1.1.21 as /usr/lib/x86_64-linux-gnu/libnvidia-egl-wayland.so.1.1.21"
time="2026-09-08T12:32:29+01:00" level=info msg="Selecting /usr/lib/x86_64-linux-gnu/libnvidia-egl-wayland2.so.1.0.1 as /usr/lib/x86_64-linux-gnu/libnvidia-egl-wayland2.so.1.0.1"
time="2026-09-08T12:32:29+01:00" level=info msg="Selecting /usr/lib/x86_64-linux-gnu/libnvidia-allocator.so.595.84 as /usr/lib/x86_64-linux-gnu/libnvidia-allocator.so.595.84"
time="2026-09-08T12:32:29+01:00" level=warning msg="Could not locate libnvidia-vulkan-producer.so.595.84: libnvidia-vulkan-producer.so.595.84: not found\nlibnvidia-vulkan-producer.so.595.84: not found"
time="2026-09-08T12:32:29+01:00" level=info msg="Selecting /usr/lib/x86_64-linux-gnu/nvidia/xorg/nvidia_drv.so as /usr/lib/x86_64-linux-gnu/nvidia/xorg/nvidia_drv.so"
time="2026-09-08T12:32:29+01:00" level=info msg="Selecting /usr/lib/x86_64-linux-gnu/nvidia/xorg/libglxserver_nvidia.so.595.84 as /usr/lib/x86_64-linux-gnu/nvidia/xorg/libglxserver_nvidia.so.595.84"
time="2026-09-08T12:32:29+01:00" level=info msg="Selecting /usr/share/glvnd/egl_vendor.d/10_nvidia.json as /usr/share/glvnd/egl_vendor.d/10_nvidia.json"
time="2026-09-08T12:32:29+01:00" level=info msg="Selecting /usr/share/egl/egl_external_platform.d/15_nvidia_gbm.json as /usr/share/egl/egl_external_platform.d/15_nvidia_gbm.json"
time="2026-09-08T12:32:29+01:00" level=info msg="Selecting /usr/share/egl/egl_external_platform.d/10_nvidia_wayland.json as /usr/share/egl/egl_external_platform.d/10_nvidia_wayland.json"
time="2026-09-08T12:32:29+01:00" level=info msg="Selecting /usr/share/egl/egl_external_platform.d/09_nvidia_wayland2.json as /usr/share/egl/egl_external_platform.d/09_nvidia_wayland2.json"
time="2026-09-08T12:32:29+01:00" level=info msg="Selecting /usr/share/nvidia/nvoptix.bin as /usr/share/nvidia/nvoptix.bin"
time="2026-09-08T12:32:29+01:00" level=info msg="Selecting /usr/share/X11/xorg.conf.d/10-nvidia.conf as /usr/share/X11/xorg.conf.d/10-nvidia.conf"
time="2026-09-08T12:32:29+01:00" level=warning msg="Could not locate X11/xorg.conf.d/nvidia-drm-outputclass.conf: X11/xorg.conf.d/nvidia-drm-outputclass.conf: not found"
time="2026-09-08T12:32:29+01:00" level=info msg="Selecting /etc/OpenCL/vendors/nvidia.icd as /etc/OpenCL/vendors/nvidia.icd"
time="2026-09-08T12:32:29+01:00" level=info msg="Selecting /usr/share/vulkan/icd.d/nvidia_icd.json as /etc/vulkan/icd.d/nvidia_icd.json"
time="2026-09-08T12:32:29+01:00" level=warning msg="Could not locate vulkan/icd.d/nvidia_layers.json: vulkan/icd.d/nvidia_layers.json: not found\nvulkan/icd.d/nvidia_layers.json: not found"
time="2026-09-08T12:32:29+01:00" level=info msg="Selecting /usr/share/vulkan/implicit_layer.d/nvidia_layers.json as /etc/vulkan/implicit_layer.d/nvidia_layers.json"
time="2026-09-08T12:32:29+01:00" level=warning msg="Could not locate vulkan/icd.d/nvidia_icd.x86_64.json: vulkan/icd.d/nvidia_icd.x86_64.json: not found\nvulkan/icd.d/nvidia_icd.x86_64.json: not found"
time="2026-09-08T12:32:29+01:00" level=info msg="Selecting /usr/lib/x86_64-linux-gnu/libEGL_nvidia.so.595.84 as /usr/lib/x86_64-linux-gnu/libEGL_nvidia.so.595.84"
time="2026-09-08T12:32:29+01:00" level=info msg="Selecting /usr/lib/x86_64-linux-gnu/libGLESv1_CM_nvidia.so.595.84 as /usr/lib/x86_64-linux-gnu/libGLESv1_CM_nvidia.so.595.84"
time="2026-09-08T12:32:29+01:00" level=info msg="Selecting /usr/lib/x86_64-linux-gnu/libGLESv2_nvidia.so.595.84 as /usr/lib/x86_64-linux-gnu/libGLESv2_nvidia.so.595.84"
time="2026-09-08T12:32:29+01:00" level=info msg="Selecting /usr/lib/x86_64-linux-gnu/libGLX_nvidia.so.595.84 as /usr/lib/x86_64-linux-gnu/libGLX_nvidia.so.595.84"
time="2026-09-08T12:32:29+01:00" level=info msg="Selecting /usr/lib/x86_64-linux-gnu/libcuda.so.595.84 as /usr/lib/x86_64-linux-gnu/libcuda.so.595.84"
time="2026-09-08T12:32:29+01:00" level=info msg="Selecting /usr/lib/x86_64-linux-gnu/libcudadebugger.so.595.84 as /usr/lib/x86_64-linux-gnu/libcudadebugger.so.595.84"
time="2026-09-08T12:32:29+01:00" level=info msg="Selecting /usr/lib/x86_64-linux-gnu/libnvcuvid.so.595.84 as /usr/lib/x86_64-linux-gnu/libnvcuvid.so.595.84"
time="2026-09-08T12:32:29+01:00" level=info msg="Selecting /usr/lib/x86_64-linux-gnu/libnvidia-allocator.so.595.84 as /usr/lib/x86_64-linux-gnu/libnvidia-allocator.so.595.84"
time="2026-09-08T12:32:29+01:00" level=info msg="Selecting /usr/lib/x86_64-linux-gnu/libnvidia-cfg.so.595.84 as /usr/lib/x86_64-linux-gnu/libnvidia-cfg.so.595.84"
time="2026-09-08T12:32:29+01:00" level=info msg="Selecting /usr/lib/x86_64-linux-gnu/libnvidia-eglcore.so.595.84 as /usr/lib/x86_64-linux-gnu/libnvidia-eglcore.so.595.84"
time="2026-09-08T12:32:29+01:00" level=info msg="Selecting /usr/lib/x86_64-linux-gnu/libnvidia-encode.so.595.84 as /usr/lib/x86_64-linux-gnu/libnvidia-encode.so.595.84"
time="2026-09-08T12:32:29+01:00" level=info msg="Selecting /usr/lib/x86_64-linux-gnu/libnvidia-fbc.so.595.84 as /usr/lib/x86_64-linux-gnu/libnvidia-fbc.so.595.84"
time="2026-09-08T12:32:29+01:00" level=info msg="Selecting /usr/lib/x86_64-linux-gnu/libnvidia-glcore.so.595.84 as /usr/lib/x86_64-linux-gnu/libnvidia-glcore.so.595.84"
time="2026-09-08T12:32:29+01:00" level=info msg="Selecting /usr/lib/x86_64-linux-gnu/libnvidia-glsi.so.595.84 as /usr/lib/x86_64-linux-gnu/libnvidia-glsi.so.595.84"
time="2026-09-08T12:32:29+01:00" level=info msg="Selecting /usr/lib/x86_64-linux-gnu/libnvidia-glvkspirv.so.595.84 as /usr/lib/x86_64-linux-gnu/libnvidia-glvkspirv.so.595.84"
time="2026-09-08T12:32:29+01:00" level=info msg="Selecting /usr/lib/x86_64-linux-gnu/libnvidia-gpucomp.so.595.84 as /usr/lib/x86_64-linux-gnu/libnvidia-gpucomp.so.595.84"
time="2026-09-08T12:32:29+01:00" level=info msg="Selecting /usr/lib/x86_64-linux-gnu/libnvidia-ml.so.595.84 as /usr/lib/x86_64-linux-gnu/libnvidia-ml.so.595.84"
time="2026-09-08T12:32:29+01:00" level=info msg="Selecting /usr/lib/x86_64-linux-gnu/libnvidia-ngx.so.595.84 as /usr/lib/x86_64-linux-gnu/libnvidia-ngx.so.595.84"
time="2026-09-08T12:32:29+01:00" level=info msg="Selecting /usr/lib/x86_64-linux-gnu/libnvidia-nvvm.so.595.84 as /usr/lib/x86_64-linux-gnu/libnvidia-nvvm.so.595.84"
time="2026-09-08T12:32:29+01:00" level=info msg="Selecting /usr/lib/x86_64-linux-gnu/libnvidia-opencl.so.595.84 as /usr/lib/x86_64-linux-gnu/libnvidia-opencl.so.595.84"
time="2026-09-08T12:32:29+01:00" level=info msg="Selecting /usr/lib/x86_64-linux-gnu/libnvidia-opticalflow.so.595.84 as /usr/lib/x86_64-linux-gnu/libnvidia-opticalflow.so.595.84"
time="2026-09-08T12:32:29+01:00" level=info msg="Selecting /usr/lib/x86_64-linux-gnu/libnvidia-pkcs11-openssl3.so.595.84 as /usr/lib/x86_64-linux-gnu/libnvidia-pkcs11-openssl3.so.595.84"
time="2026-09-08T12:32:29+01:00" level=info msg="Selecting /usr/lib/x86_64-linux-gnu/libnvidia-pkcs11.so.595.84 as /usr/lib/x86_64-linux-gnu/libnvidia-pkcs11.so.595.84"
time="2026-09-08T12:32:29+01:00" level=info msg="Selecting /usr/lib/x86_64-linux-gnu/libnvidia-present.so.595.84 as /usr/lib/x86_64-linux-gnu/libnvidia-present.so.595.84"
time="2026-09-08T12:32:29+01:00" level=info msg="Selecting /usr/lib/x86_64-linux-gnu/libnvidia-ptxjitcompiler.so.595.84 as /usr/lib/x86_64-linux-gnu/libnvidia-ptxjitcompiler.so.595.84"
time="2026-09-08T12:32:29+01:00" level=info msg="Selecting /usr/lib/x86_64-linux-gnu/libnvidia-rtcore.so.595.84 as /usr/lib/x86_64-linux-gnu/libnvidia-rtcore.so.595.84"
time="2026-09-08T12:32:29+01:00" level=info msg="Selecting /usr/lib/x86_64-linux-gnu/libnvidia-tileiras.so.595.84 as /usr/lib/x86_64-linux-gnu/libnvidia-tileiras.so.595.84"
time="2026-09-08T12:32:29+01:00" level=info msg="Selecting /usr/lib/x86_64-linux-gnu/libnvidia-tls.so.595.84 as /usr/lib/x86_64-linux-gnu/libnvidia-tls.so.595.84"
time="2026-09-08T12:32:29+01:00" level=info msg="Selecting /usr/lib/x86_64-linux-gnu/libnvidia-vksc-core.so.595.84 as /usr/lib/x86_64-linux-gnu/libnvidia-vksc-core.so.595.84"
time="2026-09-08T12:32:29+01:00" level=info msg="Selecting /usr/lib/x86_64-linux-gnu/libnvoptix.so.595.84 as /usr/lib/x86_64-linux-gnu/libnvoptix.so.595.84"
time="2026-09-08T12:32:29+01:00" level=info msg="Selecting /usr/lib/x86_64-linux-gnu/vdpau/libvdpau_nvidia.so.595.84 as /usr/lib/x86_64-linux-gnu/vdpau/libvdpau_nvidia.so.595.84"
time="2026-09-08T12:32:29+01:00" level=info msg="Selecting /usr/lib/x86_64-linux-gnu/libnvidia-nvvm70.so.4 as /usr/lib/x86_64-linux-gnu/libnvidia-nvvm70.so.4"
time="2026-09-08T12:32:29+01:00" level=info msg="Selecting /run/nvidia-persistenced/socket as /run/nvidia-persistenced/socket"
time="2026-09-08T12:32:29+01:00" level=warning msg="Could not locate /nvidia-fabricmanager/socket: /nvidia-fabricmanager/socket: not found"
time="2026-09-08T12:32:29+01:00" level=warning msg="Could not locate /tmp/nvidia-mps: /tmp/nvidia-mps: not found"
time="2026-09-08T12:32:29+01:00" level=info msg="Selecting /lib/firmware/nvidia/595.84/gsp_ga10x.bin as /lib/firmware/nvidia/595.84/gsp_ga10x.bin"
time="2026-09-08T12:32:29+01:00" level=info msg="Selecting /lib/firmware/nvidia/595.84/gsp_tu10x.bin as /lib/firmware/nvidia/595.84/gsp_tu10x.bin"
time="2026-09-08T12:32:29+01:00" level=info msg="Selecting /usr/bin/nvidia-smi as /usr/bin/nvidia-smi"
time="2026-09-08T12:32:29+01:00" level=info msg="Selecting /usr/bin/nvidia-debugdump as /usr/bin/nvidia-debugdump"
time="2026-09-08T12:32:29+01:00" level=info msg="Selecting /usr/bin/nvidia-persistenced as /usr/bin/nvidia-persistenced"
time="2026-09-08T12:32:29+01:00" level=info msg="Selecting /usr/bin/nvidia-cuda-mps-control as /usr/bin/nvidia-cuda-mps-control"
time="2026-09-08T12:32:29+01:00" level=info msg="Selecting /usr/bin/nvidia-cuda-mps-server as /usr/bin/nvidia-cuda-mps-server"
time="2026-09-08T12:32:29+01:00" level=warning msg="Could not locate nvidia-imex: nvidia-imex: not found"
time="2026-09-08T12:32:29+01:00" level=warning msg="Could not locate nvidia-imex-ctl: nvidia-imex-ctl: not found"
time="2026-09-08T12:32:29+01:00" level=info msg="Generated CDI spec with version 0.7.0"
